[stage6] natural/repeated/long
[stage6] history campaigns
[stage6] A->FAIL->A
[stage6] AFA vector foundation_same start
[stage6] AFA vector foundation_same done
[stage6] AFA vector foundation_next start
[stage6] AFA vector foundation_next done
[stage6] AFA vector foundation_previous start
[stage6] AFA vector foundation_previous done
[stage6] AFA vector present_same start
[stage6] AFA vector present_same done
[stage6] AFA vector present_forward start
[stage6] AFA vector present_forward done
[stage6] nested/identity/multi
[stage6] fresh processes
{
  "result": "PASS",
  "output": "/mnt/data/stage6work/artifacts/update-08-stage-06-verification-core.json",
  "naturalFailures": 9,
  "repeatedPaths": 9,
  "longCount": 5000,
  "randomOperations": 2000,
  "nestedDepths": [
    1,
    2,
    3,
    5,
    10,
    25
  ],
  "freshProcessSameIdentity": true
}
