{
  "out": "/mnt/data/stage6work/artifacts/update-08-stage-06-fault-injection.json",
  "cases": 335,
  "leaking": 0,
  "zero": 335,
  "initialArenaLength": 1175728,
  "finalArenaLength": 1175728,
  "transformedBodies": [
    {
      "kind": "main",
      "originalLength": 7084305,
      "transformedLength": 7085255,
      "originalSha256": "01bc7a41008bcce4ecce1e323b64390d64bc79acd927922d49ab7045f32048b0",
      "transformedSha256": "fd3e1af2b5853fd5e635b27d81e3be1785b01ba36bb6bc34c28efbe8ab2ea970"
    },
    {
      "kind": "GregorianDate-module",
      "originalLength": 32423,
      "transformedLength": 32779,
      "originalSha256": "34285e83a1e9d237f53b740e63532aecdb08db6f4bcb79171d693667bbd5d115",
      "transformedSha256": "eb75289fff8616cc379ffdb36e095019b9a5581d4270cad164b3176194c32ae3"
    },
    {
      "kind": "IslamicDate-module",
      "originalLength": 85972,
      "transformedLength": 86589,
      "originalSha256": "11a6e75113562be761dd1c1e443130a8565571027d5e21120cc25015b4aceaa1",
      "transformedSha256": "48adb605b2e228836a72121287613ff250bbcd0c0078dd55ad1e115baeefc63d"
    },
    {
      "kind": "MonthWeavingCounter-module",
      "originalLength": 160549,
      "transformedLength": 161032,
      "originalSha256": "49a09b10fff798ba7965eb3f40180c719e737293d07695a388b4c257a9a7d073",
      "transformedSha256": "13c15b496104c9d690932b72a5b51dc843423b755658aac5509c7e6d6688d78e"
    },
    {
      "kind": "PastafariCalendar-module",
      "originalLength": 181206,
      "transformedLength": 181906,
      "originalSha256": "ae17868eefa4eee20e526b307c1e0ed143b99de7536f00cd462a6a434ac09fb2",
      "transformedSha256": "8bb533a56a929e34d8d3784c477b084c6c67a7c0d167b7e05e575e88c7abc957"
    }
  ],
  "capturedMaps": 19,
  "capturedWeakMaps": 3
}
