TAP version 13
# Subtest: Pages reverse artifact is byte-identical to browser/pastafari-calendar-fast.js
ok 1 - Pages reverse artifact is byte-identical to browser/pastafari-calendar-fast.js
  ---
  duration_ms: 13.200206
  type: 'test'
  ...
# Subtest: Pages reverse artifact is byte-identical to browser/pastafari-constraints-client.js
ok 2 - Pages reverse artifact is byte-identical to browser/pastafari-constraints-client.js
  ---
  duration_ms: 2.661651
  type: 'test'
  ...
# Subtest: Pages reverse artifact is byte-identical to browser/pastafari-constraints.js
ok 3 - Pages reverse artifact is byte-identical to browser/pastafari-constraints.js
  ---
  duration_ms: 5.584764
  type: 'test'
  ...
# Subtest: Pages reverse artifact is byte-identical to browser/pastafari-reverse-worker.js
ok 4 - Pages reverse artifact is byte-identical to browser/pastafari-reverse-worker.js
  ---
  duration_ms: 1.849131
  type: 'test'
  ...
# Subtest: Pages reverse artifact is byte-identical to browser/pastafari-diagnostics.js
ok 5 - Pages reverse artifact is byte-identical to browser/pastafari-diagnostics.js
  ---
  duration_ms: 3.293685
  type: 'test'
  ...
# Subtest: Pages fast worker preserves the UI-specific adapter contract
ok 6 - Pages fast worker preserves the UI-specific adapter contract
  ---
  duration_ms: 2.846224
  type: 'test'
  ...
# Subtest: Pages fast engine exposes the primitives required by the reverse solver
ok 7 - Pages fast engine exposes the primitives required by the reverse solver
  ---
  duration_ms: 24.086347
  type: 'test'
  ...
# Subtest: Pages constraint module exposes the direct solver
ok 8 - Pages constraint module exposes the direct solver
  ---
  duration_ms: 5.024184
  type: 'test'
  ...
# Subtest: Pages constraint client exposes the worker-backed public solver
ok 9 - Pages constraint client exposes the worker-backed public solver
  ---
  duration_ms: 7.353018
  type: 'test'
  ...
1..9
# tests 9
# suites 0
# pass 9
# fail 0
# cancelled 0
# skipped 0
# todo 0
# duration_ms 248.55069
