
> pastafari-calendar@1.3.0 test:update11:vikrama
> node --test test/update11-vikrama.test.js && node verification/update11/run-vikrama-final-audit.mjs

TAP version 13
# Subtest: Update 11 Foundation discriminator matches the source-locked Vikrama reference
ok 1 - Update 11 Foundation discriminator matches the source-locked Vikrama reference
  ---
  duration_ms: 6.318444
  type: 'test'
  ...
# Subtest: Update 11 neighbor days are 15/16/17 and are not a Foundation-only fixture
ok 2 - Update 11 neighbor days are 15/16/17 and are not a Foundation-only fixture
  ---
  duration_ms: 0.82035
  type: 'test'
  ...
# Subtest: Update 11 differential samples the entire Foundation +/-1000-day window
ok 3 - Update 11 differential samples the entire Foundation +/-1000-day window
  ---
  duration_ms: 187.896404
  type: 'test'
  ...
# Subtest: Update 11 bounded inverse round-trips boundaries, leap month and repeated tithi
ok 4 - Update 11 bounded inverse round-trips boundaries, leap month and repeated tithi
  ---
  duration_ms: 3.928211
  type: 'test'
  ...
# Subtest: Update 11 omitted tithi is rejected instead of guessed
ok 5 - Update 11 omitted tithi is rejected instead of guessed
  ---
  duration_ms: 4.406411
  type: 'test'
  ...
# Subtest: Update 11 explicitly preserves signed years -2,-1,0,1,2
ok 6 - Update 11 explicitly preserves signed years -2,-1,0,1,2
  ---
  duration_ms: 2.418375
  type: 'test'
  ...
# Subtest: Update 11 package-root and browser side-door APIs are identical
ok 7 - Update 11 package-root and browser side-door APIs are identical
  ---
  duration_ms: 2.325237
  type: 'test'
  ...
# Subtest: Update 11 leaves legacy Old Hindu outputs unchanged
ok 8 - Update 11 leaves legacy Old Hindu outputs unchanged
  ---
  duration_ms: 1.895579
  type: 'test'
  ...
# Subtest: Update 11 legacy witness failure cannot silently return a Vikrama date
ok 9 - Update 11 legacy witness failure cannot silently return a Vikrama date
  ---
  duration_ms: 0.49811
  type: 'test'
  ...
# Subtest: Update 11 does not depend on Intl or Temporal for Vikrama arithmetic
ok 10 - Update 11 does not depend on Intl or Temporal for Vikrama arithmetic
  ---
  duration_ms: 0.693091
  type: 'test'
  ...
1..10
# tests 10
# suites 0
# pass 10
# fail 0
# cancelled 0
# skipped 0
# todo 0
# duration_ms 7973.883749
UPDATE_11_FINAL_AUDIT=PASS output=artifacts/update-11-vikrama-final-audit.json
FOUNDATION_WINDOW samples=2001 mismatches=0 roundTripMismatches=0
RANDOM seed=0x11c0ffee samples=512 mismatches=0 roundTripMismatches=0
