{
  "status": "PASS",
  "output": "/mnt/data/update12-align/merged/artifacts/update-12-koki-post-fix-evidence.json",
  "foundation": {
    "linearDay": "-15055671",
    "jdn": "-13334246",
    "gregorianAstronomical": {
      "year": "-41221",
      "month": 12,
      "day": 22
    },
    "reference": {
      "system": "koki",
      "calendar": "koki",
      "year": "-40561",
      "month": 12,
      "day": 22
    },
    "node": {
      "system": "koki",
      "calendar": "koki",
      "year": "-40561",
      "month": 12,
      "day": 22
    },
    "browser": {
      "system": "koki",
      "calendar": "koki",
      "year": "-40561",
      "month": 12,
      "day": 22
    },
    "docs": {
      "system": "koki",
      "calendar": "koki",
      "year": "-40561",
      "month": 12,
      "day": 22
    },
    "nodeRoundTrip": "-13334246",
    "browserRoundTrip": "-13334246",
    "docsRoundTrip": "-13334246",
    "match": true
  },
  "wide": {
    "seed": "0x4b4f4b49",
    "randomSamples": 10000,
    "checked": 12023,
    "mismatches": [],
    "mismatchCount": 0
  },
  "performance": {
    "count": 10000,
    "kokiToJdnMs": 708.5409259999997,
    "jdnToKokiMs": 357.00605499999983,
    "kokiToJdnMicrosecondsPerCall": 70.85409259999996,
    "jdnToKokiMicrosecondsPerCall": 35.70060549999998
  },
  "memory": {
    "available": true,
    "calls": 40000,
    "heapBefore": 237986824,
    "heapAfter": 237936448,
    "heapDelta": -50376
  },
  "failures": []
}
