
> pastafari-calendar@1.3.0 test:reference-oracle
> node --test test/reference-oracle.test.js

TAP version 13
# Subtest: reference source has the documented normative SHA-256
ok 1 - reference source has the documented normative SHA-256
  ---
  duration_ms: 16.514816
  type: 'test'
  ...
# Subtest: reference module imports no project implementation, fast engine, fixture or generator
ok 2 - reference module imports no project implementation, fast engine, fixture or generator
  ---
  duration_ms: 12.143754
  type: 'test'
  ...
# Subtest: small fixed expectations are independently checkable from explicit Scroll rules
ok 3 - small fixed expectations are independently checkable from explicit Scroll rules
  ---
  duration_ms: 0.325135
  type: 'test'
  ...
# Subtest: canonical counters match a hand-checkable Foundation + 1 example
ok 4 - canonical counters match a hand-checkable Foundation + 1 example
  ---
  duration_ms: 0.161661
  type: 'test'
  ...
# Subtest: stone recurrence has an independently hand-calculated second row
ok 5 - stone recurrence has an independently hand-calculated second row
  ---
  duration_ms: 0.244484
  type: 'test'
  ...
# Subtest: Foundation sauce exposes manually checkable initial values without self-generated fixtures
ok 6 - Foundation sauce exposes manually checkable initial values without self-generated fixtures
  ---
  duration_ms: 1.943576
  type: 'test'
  ...
# Subtest: mocking authoritative functions cannot change reference output
ok 7 - mocking authoritative functions cannot change reference output
  ---
  duration_ms: 2.038246
  type: 'test'
  ...
# Subtest: mutating a copied existing canonical fixture cannot affect the byte-identical reference module
ok 8 - mutating a copied existing canonical fixture cannot affect the byte-identical reference module
  ---
  duration_ms: 9.815875
  type: 'test'
  ...
# Subtest: authoritative observation is stable across controlled Math.random seeds
ok 9 - authoritative observation is stable across controlled Math.random seeds
  ---
  duration_ms: 11.869275
  type: 'test'
  ...
# Subtest: comparison runner detects an artificial mismatch
ok 10 - comparison runner detects an artificial mismatch
  ---
  duration_ms: 0.508828
  type: 'test'
  ...
# Subtest: comparison runner reports the first divergence, not a later/final one
ok 11 - comparison runner reports the first divergence, not a later/final one
  ---
  duration_ms: 0.206758
  type: 'test'
  ...
# Subtest: two identical reference executions return byte-for-byte equivalent trace data
ok 12 - two identical reference executions return byte-for-byte equivalent trace data
  ---
  duration_ms: 8.056464
  type: 'test'
  ...
# Subtest: unimplemented calendar stages fail explicitly and never fall back
ok 13 - unimplemented calendar stages fail explicitly and never fall back
  ---
  duration_ms: 0.677389
  type: 'test'
  ...
# Subtest: year candidate reference filters above 5,778 before cardinality and selection
ok 14 - year candidate reference filters above 5,778 before cardinality and selection
  ---
  duration_ms: 48.560192
  type: 'test'
  ...
# Subtest: final-stir reference preserves the Scroll's two distinct sum/order roles and simultaneous snapshot
ok 15 - final-stir reference preserves the Scroll's two distinct sum/order roles and simultaneous snapshot
  ---
  duration_ms: 1.676899
  type: 'test'
  ...
# Subtest: authoritative generated final-stir trace matches the independent reference
ok 16 - authoritative generated final-stir trace matches the independent reference
  ---
  duration_ms: 4105.076191
  type: 'test'
  ...
# Subtest: fast direct sauce matches reference on positive, negative and random discriminators
ok 17 - fast direct sauce matches reference on positive, negative and random discriminators
  ---
  duration_ms: 24.639512
  type: 'test'
  ...
# Subtest: direct authoritative gate-gap calculation matches reference without checkpoints
ok 18 - direct authoritative gate-gap calculation matches reference without checkpoints
  ---
  duration_ms: 36.741573
  type: 'test'
  ...
# Subtest: differential normalizes the authoritative zero-based response choice
ok 19 - differential normalizes the authoritative zero-based response choice
  ---
  duration_ms: 5.658896
  type: 'test'
  ...
1..19
# tests 19
# suites 0
# pass 19
# fail 0
# cancelled 0
# skipped 0
# todo 0
# duration_ms 8115.480691
