TAP version 13
# Subtest: Update 11 Foundation discriminator matches the source-locked Vikrama reference
ok 1 - Update 11 Foundation discriminator matches the source-locked Vikrama reference
  ---
  duration_ms: 6.889504
  type: 'test'
  ...
# Subtest: Update 11 neighbor days are 15/16/17 and are not a Foundation-only fixture
ok 2 - Update 11 neighbor days are 15/16/17 and are not a Foundation-only fixture
  ---
  duration_ms: 0.865717
  type: 'test'
  ...
# Subtest: Update 11 differential samples the entire Foundation +/-1000-day window
ok 3 - Update 11 differential samples the entire Foundation +/-1000-day window
  ---
  duration_ms: 215.83186
  type: 'test'
  ...
# Subtest: Update 11 bounded inverse round-trips boundaries, leap month and repeated tithi
ok 4 - Update 11 bounded inverse round-trips boundaries, leap month and repeated tithi
  ---
  duration_ms: 4.045134
  type: 'test'
  ...
# Subtest: Update 11 omitted tithi is rejected instead of guessed
ok 5 - Update 11 omitted tithi is rejected instead of guessed
  ---
  duration_ms: 2.411275
  type: 'test'
  ...
# Subtest: Update 11 explicitly preserves signed years -2,-1,0,1,2
ok 6 - Update 11 explicitly preserves signed years -2,-1,0,1,2
  ---
  duration_ms: 2.076528
  type: 'test'
  ...
# Subtest: Update 11 package-root and browser side-door APIs are identical
ok 7 - Update 11 package-root and browser side-door APIs are identical
  ---
  duration_ms: 2.751501
  type: 'test'
  ...
# Subtest: Update 11 leaves legacy Old Hindu outputs unchanged
ok 8 - Update 11 leaves legacy Old Hindu outputs unchanged
  ---
  duration_ms: 1.740287
  type: 'test'
  ...
# Subtest: Update 11 legacy witness failure cannot silently return a Vikrama date
ok 9 - Update 11 legacy witness failure cannot silently return a Vikrama date
  ---
  duration_ms: 0.690857
  type: 'test'
  ...
# Subtest: Update 11 does not depend on Intl or Temporal for Vikrama arithmetic
ok 10 - Update 11 does not depend on Intl or Temporal for Vikrama arithmetic
  ---
  duration_ms: 0.636156
  type: 'test'
  ...
# Subtest: Update 12 Foundation reproduces the Magillah Kōki anchor exactly
ok 11 - Update 12 Foundation reproduces the Magillah Kōki anchor exactly
  ---
  duration_ms: 3.655925
  type: 'test'
  ...
# Subtest: Update 12 Kōki signed year zero semantics are explicit
ok 12 - Update 12 Kōki signed year zero semantics are explicit
  ---
  duration_ms: 1.500882
  type: 'test'
  ...
# Subtest: Update 12 preserves Japanese imperial eras while Kōki remains a separate representation
ok 13 - Update 12 preserves Japanese imperial eras while Kōki remains a separate representation
  ---
  duration_ms: 1.988166
  type: 'test'
  ...
# Subtest: Update 12 Kōki is independent of Intl/ICU
ok 14 - Update 12 Kōki is independent of Intl/ICU
  ---
  duration_ms: 0.455026
  type: 'test'
  ...
# Subtest: Update 12 rejects malformed Kōki inputs without widening unrelated validation
ok 15 - Update 12 rejects malformed Kōki inputs without widening unrelated validation
  ---
  duration_ms: 0.554514
  type: 'test'
  ...
# Subtest: Update 12 public/browser/docs match the independent reference over ancient and modern samples
ok 16 - Update 12 public/browser/docs match the independent reference over ancient and modern samples
  ---
  duration_ms: 5.247782
  type: 'test'
  ...
1..16
# tests 16
# suites 0
# pass 16
# fail 0
# cancelled 0
# skipped 0
# todo 0
# duration_ms 9339.672971
