
> pastafari-calendar@1.3.0 test:compatibility
> node --test test/fast-compatibility.test.js

TAP version 13
# Subtest: the fast implementation matches the authoritative implementation
    # Subtest: fixed vectors with calculation day 2026-08-06
    ok 1 - fixed vectors with calculation day 2026-08-06
      ---
      duration_ms: 44994.172643
      type: 'test'
      ...
    # Subtest: fixed vectors with calculation day 2000-01-01
    ok 2 - fixed vectors with calculation day 2000-01-01
      ---
      duration_ms: 18526.669266
      type: 'test'
      ...
    # Subtest: fixed vectors with calculation day foundation
    ok 3 - fixed vectors with calculation day foundation
      ---
      duration_ms: 30960.569458
      type: 'test'
      ...
    # Subtest: the foundation day and its immediate surroundings match
    ok 4 - the foundation day and its immediate surroundings match
      ---
      duration_ms: 4.490533
      type: 'test'
      ...
    # Subtest: deterministic pseudo-random target days match
    ok 5 - deterministic pseudo-random target days match
      ---
      duration_ms: 35086.494355
      type: 'test'
      ...
    # Subtest: short and wide uniform choices match
    ok 6 - short and wide uniform choices match
      ---
      duration_ms: 22.498444
      type: 'test'
      ...
    # Subtest: complete previous, current and next cutlets match
    ok 7 - complete previous, current and next cutlets match
      ---
      duration_ms: 188.145049
      type: 'test'
      ...
    # Subtest: the generated checkpoint table is exactly the corrected table
    ok 8 - the generated checkpoint table is exactly the corrected table
      ---
      duration_ms: 4.951097
      type: 'test'
      ...
    # Subtest: all 65 checkpoints match the authoritative gate index
    ok 9 - all 65 checkpoints match the authoritative gate index
      ---
      duration_ms: 81124.208299
      type: 'test'
      ...
    # Subtest: dates before the first checkpoint match
    ok 10 - dates before the first checkpoint match
      ---
      duration_ms: 20247.228226
      type: 'test'
      ...
    # Subtest: dates after the last checkpoint match
    ok 11 - dates after the last checkpoint match
      ---
      duration_ms: 15956.035427
      type: 'test'
      ...
    1..11
ok 1 - the fast implementation matches the authoritative implementation
  ---
  duration_ms: 247118.112537
  type: 'test'
  ...
1..1
# tests 12
# suites 0
# pass 12
# fail 0
# cancelled 0
# skipped 0
# todo 0
# duration_ms 250817.629141
