TAP version 13
# Subtest: requests arriving during verification keep their own target day
ok 1 - requests arriving during verification keep their own target day
  ---
  duration_ms: 182.743061
  type: 'test'
  ...
# Subtest: verification state is isolated for every calculation day
ok 2 - verification state is isolated for every calculation day
  ---
  duration_ms: 169.596569
  type: 'test'
  ...
# Subtest: identical concurrent authoritative conversions share one request
ok 3 - identical concurrent authoritative conversions share one request
  ---
  duration_ms: 26.99075
  type: 'test'
  ...
# Subtest: a cutlet request made during verification returns the requested cutlet
ok 4 - a cutlet request made during verification returns the requested cutlet
  ---
  duration_ms: 186.96848
  type: 'test'
  ...
# Subtest: many consumers sharing one router do not leak results between calls
ok 5 - many consumers sharing one router do not leak results between calls
  ---
  duration_ms: 26.825265
  type: 'test'
  ...
# Subtest: authoritative idle shutdown does not terminate a bootstrap request for a new calculation day
ok 6 - authoritative idle shutdown does not terminate a bootstrap request for a new calculation day
  ---
  duration_ms: 342.143653
  type: 'test'
  ...
1..6
# tests 6
# suites 0
# pass 6
# fail 0
# cancelled 0
# skipped 0
# todo 0
# duration_ms 983.228747
