$ npm pack --dry-run
npm notice
npm notice package: pastafari-calendar@1.3.0
npm notice Tarball Contents
npm notice 1.2kB LICENSE
npm notice 188.0kB README.md
npm notice 13.3kB browser/cache-epoch-detour.js
npm notice 22.9kB browser/example_weekly_colored.html
npm notice 10.7kB browser/example.html
npm notice 4.5kB browser/gate-data-detour.js
npm notice 71.8kB browser/generated/pastafari-gate-shadow.js
npm notice 1.0kB browser/generated/pastafari-gate-shadow.manifest.json
npm notice 8.5kB browser/pastafari-authoritative-worker.js
npm notice 14.9MB browser/pastafari-calendar-core-1.js
npm notice 14.8MB browser/pastafari-calendar-core-2.js
npm notice 38.6kB browser/pastafari-calendar-core-chronicle.js
npm notice 1.0kB browser/pastafari-calendar-core.js
npm notice 72.0kB browser/pastafari-calendar-fast.js
npm notice 23.3kB browser/pastafari-calendar-router-core.js
npm notice 2.3kB browser/pastafari-calendar-router.js
npm notice 11.1kB browser/pastafari-constraints-client.js
npm notice 32.7kB browser/pastafari-constraints.js
npm notice 36.0kB browser/pastafari-date.js
npm notice 12.5kB browser/pastafari-diagnostics.js
npm notice 12.2kB browser/pastafari-engine-client.js
npm notice 9.9kB browser/pastafari-fast-worker.js
npm notice 4.7kB browser/pastafari-reverse-worker.js
npm notice 11.3kB browser/pastafari-reverse.js
npm notice 22.1kB browser/README.md
npm notice 8.4kB browser/runtime-patch-ledger.js
npm notice 1.9kB browser/standalone/example-file.html
npm notice 29.9MB browser/standalone/pastafari-date.js
npm notice 29.9MB browser/standalone/pastafari-date.min.js
npm notice 11.3kB browser/UPLOAD-TO-GITHUB.md
npm notice 6.6kB browser/year-ceiling-detour-detour-detour.js
npm notice 5.1kB browser/year-ceiling-detour-detour.js
npm notice 5.5kB browser/year-ceiling-detour.js
npm notice 5.8kB package.json
npm notice 16.3kB scripts/build-standalone.mjs
npm notice 12.0kB scripts/check-package.mjs
npm notice 1.8kB scripts/check-sha-manifest-completeness.mjs
npm notice 10.7kB scripts/check-supply-chain.mjs
npm notice 2.0kB scripts/checksums.mjs
npm notice 14.2kB scripts/ci-change-classifier.mjs
npm notice 9.3kB scripts/diagnose-extreme-performance.mjs
npm notice 2.9kB scripts/diagnose.mjs
npm notice 2.7kB scripts/diagnostics-overhead.mjs
npm notice 24.2kB scripts/docs-consistency.mjs
npm notice 8.2kB scripts/docs-project-facts.mjs
npm notice 7.4kB scripts/i18n-coverage.mjs
npm notice 15.4kB scripts/regenerate-gate-artifacts.mjs
npm notice 14.3kB scripts/release-lib.mjs
npm notice 21.2kB scripts/release.mjs
npm notice 2.0kB scripts/report-reverse-i18n.mjs
npm notice 42.4kB scripts/run-accessibility-tests.mjs
npm notice 2.3kB scripts/run-calendar-property-soak.mjs
npm notice 61.2kB scripts/run-calendar-roundtrip-audit.mjs
npm notice 2.2kB scripts/run-calendar-roundtrip-browser-smoke.mjs
npm notice 1.7kB scripts/run-checkpoint-tests.mjs
npm notice 7.7kB scripts/run-day-boundary-smoke.mjs
npm notice 9.3kB scripts/run-file-protocol-tests.mjs
npm notice 86.8kB scripts/run-i18n-browser-audit.mjs
npm notice 12.0kB scripts/run-i18n-lazy-loading-smoke.mjs
npm notice 7.2kB scripts/run-i18n-support-smoke.mjs
npm notice 15.3kB scripts/run-performance-regression.mjs
npm notice 41.2kB scripts/run-pwa-offline-smoke.mjs
npm notice 7.9kB scripts/run-reverse-ui-smoke.mjs
npm notice 8.8kB scripts/run-ui-race-regression.mjs
npm notice 45.3kB scripts/run-user-e2e.mjs
npm notice 54.6kB scripts/run-visual-regression.mjs
npm notice 822B scripts/run-year-ceiling-regression.mjs
npm notice 85.5kB scripts/soak-fast-engine.mjs
npm notice 155B scripts/standalone-entry.js
npm notice 2.7kB scripts/standalone-router.js
npm notice 2.5kB scripts/sync-manifest-i18n.mjs
npm notice 1.8kB scripts/sync-pages-reverse-engine.mjs
npm notice 217B scripts/test-file-protocol.mjs
npm notice 4.1kB scripts/test-minimum-node.mjs
npm notice 153.9kB src/0bd9/685058fe105e94e60188dfbfc48e3a.js
npm notice 153.9kB src/0d2c/748e36cb8b8bcf8e67909502fe3725.js
npm notice 153.9kB src/0e5d/1ed56f3e4e58e3375009e33b90df05.js
npm notice 153.9kB src/0ef1/3df9e50dcaf579310e91e0c1067dea.js
npm notice 153.9kB src/0fb1/0ec0a2ba7d5bcc00d8b54a80238a7f.js
npm notice 153.9kB src/0fec/83e574d4637be1b428a2bc3e3de4aa.js
npm notice 153.9kB src/1aa0/8b11273f8068cf613db6d5a959a5e6.js
npm notice 153.9kB src/1ccf/e358b0ee93adadee07decc8c860a6f.js
npm notice 153.9kB src/1e5d/1373fda62fa1a336307416d3d39784.js
npm notice 153.9kB src/1e62/5fc5eb1393b92978c0bcaffb099b65.js
npm notice 153.9kB src/2ba3/76c4357a6a9c63c118baf887a8752e.js
npm notice 153.9kB src/2deb/5a06a86e84b23fd61343f20ac7b43d.js
npm notice 153.9kB src/2df0/3b2e9e08c9c3e1ac4f42beaa391ef6.js
npm notice 153.9kB src/2e10/118b5507b0ce34d32eaa10ec6bd500.js
npm notice 153.9kB src/2eae/75e8b7f9e35d145983bdb013227962.js
npm notice 153.9kB src/2f0d/2258047134190fee73e76f73647fff.js
npm notice 153.9kB src/2f69/1746c40bccc44656e851c3f6f574c8.js
npm notice 153.9kB src/2ff3/17c553f676bc5ee29d7648d6dbcaa4.js
npm notice 153.9kB src/3cb4/6d2b321bb4cf0a69418276b170ecb6.js
npm notice 153.9kB src/3cfd/1d76972ee2b071a439b61d2d8ffafc.js
npm notice 153.9kB src/3eea/82c6d98c03da408aeb5f95f53dc3e6.js
npm notice 153.9kB src/3f9f/7202659c9f89b6fe65516422523ddd.js
npm notice 153.9kB src/4a29/8cd43f02cca55ba7aeebfe0422ee2e.js
npm notice 153.9kB src/4c03/c141c731d3c19d391127d001451a7c.js
npm notice 153.9kB src/4ceb/b71b399d7d3946ae6f61ac9fda5dbe.js
npm notice 153.9kB src/4d6b/4c7d9d82e46548d1f51348a7dc1efe.js
npm notice 153.9kB src/4d92/8be810eed6007e522f0ca5aaf77477.js
npm notice 153.9kB src/4fab/c07f030c33a9331309dc673c8b66f3.js
npm notice 153.9kB src/5dcb/728f93596c31adfc764307c334ddaf.js
npm notice 153.9kB src/5e13/77ab3a41e95e7c89d756655c0f351f.js
npm notice 48.5kB src/5efdcc3e6fb071cbaffdcb117507a169dd76.js
npm notice 153.9kB src/5fab/ab7131abd53837085b87caf2327347.js
npm notice 153.9kB src/5fad/abcaef491fede59c778df8ea97b951.js
npm notice 153.9kB src/6e6f/b9ea08566375204ca97073207b2559.js
npm notice 153.9kB src/6ebf/951a84ad9a08ad3001d04b77dee39c.js
npm notice 153.9kB src/6f3b/02cdfe24f0091208772593596801d5.js
npm notice 153.9kB src/6f46/96c1bb64c272d419238834f68cf129.js
npm notice 153.9kB src/7a9b/3b78900a66816c954856c55eccc65b.js
npm notice 153.9kB src/7b04/8551b014332703288fab9e8e5ffd98.js
npm notice 153.9kB src/8ab8/958319c37033ca1a86c68db525435d.js
npm notice 153.9kB src/8c83/1efc3aba8a7e2b27cc383526f2bb5d.js
npm notice 153.9kB src/8d59/e8d4f90fe6e1d5ac3ae4ba9b266d71.js
npm notice 153.9kB src/8da1/6210c536c78b07976d79b7aa633aab.js
npm notice 153.9kB src/8e03/7dc76018b7798b026b16af41e48f8a.js
npm notice 153.9kB src/8e6b/8c02ef313dd749e4eb11808fa81daf.js
npm notice 153.9kB src/8f5e/58085b9aa200bf7c75e3d86fcbeca7.js
npm notice 153.9kB src/8f41/00a93d51e50c4996d5182c08e6fc61.js
npm notice 153.9kB src/9af3/b7189e88c8ad454aff060fb9fc63d1.js
npm notice 153.9kB src/9b96/0395a3698cc1656a325206115b3356.js
npm notice 153.9kB src/9c5c/72d701cd4c59e33fe284ac2bb30b7f.js
npm notice 153.9kB src/9c11/b41fe6047de3dd7851d44953400c7c.js
npm notice 153.9kB src/9cba/0c08e0270d395c01f164fd0fb8c3d2.js
npm notice 153.9kB src/11e3/5444d3facef9b7bfd42ddf5babae9e.js
npm notice 153.9kB src/16f0/b61811da7741d8c2f22a5a955e8852.js
npm notice 153.9kB src/020b/9b69e8749cd7a881ee2063b64d2c5d.js
npm notice 153.9kB src/24a2/cac3d1da41ec248ef2a695235cf1b3.js
npm notice 153.9kB src/25ae/4dc2c427efd15b835e3ad5e3f8199c.js
npm notice 153.9kB src/25f4/de4b5ef6fd394ac55e01d55b5d3c78.js
npm notice 153.9kB src/27c8/9acce4324b5d2f6a63f7419c452bbc.js
npm notice 153.9kB src/030f/d61b663d481ea6350bb0dfd5228e9a.js
npm notice 153.9kB src/32c6/c93eabb24a105e5a031bdbddc6dd72.js
npm notice 153.9kB src/34ec/1b4b3573699e1d24f21ea44f5c4d23.js
npm notice 153.9kB src/36b5/bcc80f6d5cfafa82df738a38356e7d.js
npm notice 153.9kB src/38e2/733ea707a335a26f617e34be742f52.js
npm notice 153.9kB src/42db/354921f62f1902682534cac0605814.js
npm notice 153.9kB src/44f0/9d158f0ee0e37ce452726c0a89323f.js
npm notice 153.9kB src/46f9/004062eddef5c9fa96cea974593e15.js
npm notice 153.9kB src/50f8/b4c51b06808c359937af8759a2b174.js
npm notice 153.9kB src/058f/c7daac233f65696806ba032139ed10.js
npm notice 153.9kB src/60e5/08b88915bf43e461578e924d4e3cb1.js
npm notice 153.9kB src/68b0/eb4a79bfc50b1cafc38643d1ba6578.js
npm notice 153.9kB src/071e/b5158c3ed4c67585e78f0e80cd047e.js
npm notice 153.9kB src/82b3/beb56210616625e3acf4475a761987.js
npm notice 153.9kB src/84cf/6a028524548b7d510a67fe27731668.js
npm notice 153.9kB src/93f3/046cd8665afa1e0b3dcc27e9e29182.js
npm notice 153.9kB src/96b2/2fdc810c1f709de98d08c54975dc59.js
npm notice 153.9kB src/96c2/e179849e721dd68fd69a319913971c.js
npm notice 153.9kB src/98ba/4acfc6d5d6533503541076ced43e10.js
npm notice 153.9kB src/147b/7bb55e6962eb2a95e5a08eeb922995.js
npm notice 153.9kB src/161d/92778195a7241ae1ae3810e2b56524.js
npm notice 153.9kB src/208f/83c89ffdd933061ac2b70698ea5a8a.js
npm notice 153.9kB src/0259/b0790f627f7067d79ae9544e6eb730.js
npm notice 153.9kB src/269c/a241707d6070c6912b30bc72c96277.js
npm notice 153.9kB src/365e/b264b3ff2b21d551066feb5c9ce3f9.js
npm notice 153.9kB src/408b/56fd2de5cee6fb6026738e34659676.js
npm notice 153.9kB src/411a/d0f4fa2c78d89def49b010488138bf.js
npm notice 153.9kB src/419e/3439438b7e10c9cd08aad5980c63c7.js
npm notice 153.9kB src/0431/53417ca89cce0375c01867f3c5f7d8.js
npm notice 153.9kB src/448e/d558afd827addf362e1c10badbfb6b.js
npm notice 153.9kB src/469d/82411197dd266518f07ad2847585b6.js
npm notice 153.9kB src/502c/0051f4a39974fa7def8ba2922129af.js
npm notice 153.9kB src/678c/ed48160989bc596a1fe9c951249632.js
npm notice 153.9kB src/781f/f887eaacdff878d58133bd42dc119c.js
npm notice 153.9kB src/831d/29ae82fe9081825d817f908cce5cbc.js
npm notice 153.9kB src/838e/c218bc41d66b6a107562f52eabe2af.js
npm notice 153.9kB src/891a/25400434276766a0f7842439fab287.js
npm notice 153.9kB src/976c/1c1cec914fce836fc0357ee7a15b4c.js
npm notice 153.9kB src/1246/609d5c174eaaa00fd8ed893c3075b7.js
npm notice 153.9kB src/1413/ef020e3f4563eeb4497d032cb2a9ac.js
npm notice 153.9kB src/1581/5e46524fd1c29a04cf2f4c48cf0b31.js
npm notice 153.9kB src/2479/b035abb9402a7f1799d2f06a29150f.js
npm notice 153.9kB src/3311/98cb376fccbb0467672ef4511414c6.js
npm notice 153.9kB src/3866/872d2742cfba7d239d3dcacbe24eea.js
npm notice 153.9kB src/4182/b4ec1666ea4ea848eaec258ab3c560.js
npm notice 153.9kB src/4914/24f8646fc32212c6cad6bfdcb1e5a0.js
npm notice 153.9kB src/5002/a34b23d23dff52f910b1c11a00480c.js
npm notice 153.9kB src/5775/1e309a9125b998ae215cf5e86d89e1.js
npm notice 153.9kB src/7020/86fb3d59c981482d389e15a38f2b32.js
npm notice 153.9kB src/7099/3f2d8b8aabc5edd8767134603c45e6.js
npm notice 153.9kB src/7114/381cfe1eb9bf1957e6390f3ca03def.js
npm notice 153.9kB src/7231/2a494c6de2d357b0a0940a23a83099.js
npm notice 153.9kB src/7244/425fff92b21004963a482cfd07c1df.js
npm notice 153.9kB src/7252/4d8a4eb2ee5934a2f5ca9043b323bd.js
npm notice 153.9kB src/7561/ec029d89e763a58f4c054150bbd44e.js
npm notice 153.9kB src/7593/2836d9419e2de37f5957d580653360.js
npm notice 153.9kB src/8343/17b80e43d5cba3156b4e729a7a6edf.js
npm notice 153.9kB src/8637/3a68685cff5c2849e26c602b972572.js
npm notice 153.9kB src/8675/7cffafeac0ef2d463ab136d156bbb2.js
npm notice 153.9kB src/9161/8b09004d3f422c1936faa566355c92.js
npm notice 153.9kB src/9581/a289ee6811fca65a78d5ccbe4e6f38.js
npm notice 153.9kB src/a4c7/027cbdc38b6deafaf0ff254476a3e2.js
npm notice 153.9kB src/a5fe/22dfd468a1bf8d17ce7d255540f6a1.js
npm notice 153.9kB src/a08d/da5091cab7277c40dda21eb0ee0a6a.js
npm notice 153.9kB src/a77b/dfbfc49455de7f0a8de799b00d953a.js
npm notice 153.9kB src/a88a/a338e9e4cb92d79f67db17cbcee8ed.js
npm notice 153.9kB src/a94b/49fa53ee8dee50d72cc0f9c032344c.js
npm notice 153.9kB src/a510/14a1eb82075c9617cf7de4ce0194a0.js
npm notice 153.9kB src/a922/39a0047152e8bd1ac9de98df872c0b.js
npm notice 153.9kB src/ac10/03a8993301d3b65df509b18ce9722c.js
npm notice 153.9kB src/acd1/027c3a42d572649a2d906424f53583.js
npm notice 153.9kB src/ae3c/670ee8ebc6fd503479b49d511f8472.js
npm notice 153.9kB src/b1c9/a4789a92543056bef412603b791403.js
npm notice 153.9kB src/b1e8/4b9ac8de896dbef260a1e472803ba2.js
npm notice 153.9kB src/b1f3/2f7173a273b77feac91c616ac2207e.js
npm notice 153.9kB src/b7e8/37673ea536cb1d8a269a3eeac1cd32.js
npm notice 153.9kB src/b052/9b83870806b748dc7fc43e81d74a94.js
npm notice 153.9kB src/b80c/cf634fcdb93bd63f041c67a868ed9f.js
npm notice 153.9kB src/ba9e/4cb4d4159c21f5b3f4f2eac560dd41.js
npm notice 153.9kB src/bc06/217dcfaafa4b4fc192cc5e67e8275a.js
npm notice 153.9kB src/bc64/21a3e4a33c6d904e771d47e043684a.js
npm notice 153.9kB src/be73/bd6294c9c6aa209fee09ed00448a65.js
npm notice 153.9kB src/bf90/0fa2ca27a61582b3c70eba25b6ef2a.js
npm notice 153.9kB src/bfe6/ea05a79d3e9802be67d325b6b0bf40.js
npm notice 153.9kB src/c0c0/4ea1223196a18105b0fa3a69480af9.js
npm notice 153.9kB src/c4fa/6ddadf5bd93a31f145f6a091c13022.js
npm notice 153.9kB src/c8c1/a21392c32455676b437a0b6ce7c4ae.js
npm notice 153.9kB src/c9c6/d373ccbca4305702f25d0c3f956c81.js
npm notice 153.9kB src/c31d/454b4ee90532adea3ced3858ad8d7b.js
npm notice 153.9kB src/c46e/59e7a252f6bc2c545488e9d580fbbf.js
npm notice 153.9kB src/c050/1f5788cf7f726045927b81dc43fadb.js
npm notice 153.9kB src/c989/3b154e2f32a695058c6749a28d40eb.js
npm notice 153.9kB src/caf6/470e96ca57dc38b54d17984a8f3ede.js
npm notice 153.9kB src/cc17/10149c11c04e5897bbafa561941de0.js
npm notice 153.9kB src/cc82/fd61540ea5cf7021d43f853d4e9ce3.js
npm notice 153.9kB src/cfe1/458629c7e5f31f9af7c142c2e45292.js
npm notice 153.9kB src/d1eb/1201a7b21bbd98aaaff75eac0b9b89.js
npm notice 153.9kB src/d2ef/6fa129e8a0f0ce3a33cb2894fae56b.js
npm notice 153.9kB src/d3b3/85876532c9f22058173b9a8c7ba6b0.js
npm notice 153.9kB src/d7cc/71171bb30b5e447d3b1600c78116e7.js
npm notice 153.9kB src/d8c5/1a9e2b7999c2f5d97892f8effe1a6a.js
npm notice 153.9kB src/d48e/56e15ea4185808d29b173ee9cbbdf3.js
npm notice 153.9kB src/d099/a0e97b145ed9a5da62398667c80ba1.js
npm notice 153.9kB src/d161/9f30a680cf86a79b6791c96db0293f.js
npm notice 153.9kB src/d220/5a0b5f016331fe0f9a71ad03003fc0.js
npm notice 153.9kB src/d323/0a6e9135464cb016a565baeaa8c520.js
npm notice 153.9kB src/d740/101a8c3ed01243257565451ad48154.js
npm notice 153.9kB src/d827/9a0de5d15c7bffa0079630fb1eca30.js
npm notice 153.9kB src/d871/e09f70187b2a4e76a2834b1767622d.js
npm notice 153.9kB src/d972/d0d89b228ae5aff03abcc5a24f8095.js
npm notice 153.9kB src/dc0d/841ae24d9e4a384b4e23ef3273da79.js
npm notice 153.9kB src/de0f/a7e3d364bb65dc6b5ff343a19eec4e.js
npm notice 153.9kB src/e4a7/36a41c9170ba71ecee44c1dc1727e4.js
npm notice 153.9kB src/e4b4/4979f4c6f754dd019f93c7c77b77fb.js
npm notice 153.9kB src/e4e3/05566337b6d9e505fac5b03597008f.js
npm notice 153.9kB src/e5f2/ee80e3e95df5295bf786183399b5b5.js
npm notice 153.9kB src/e6e8/7d7718e2d96233e30dd0abd9923ace.js
npm notice 153.9kB src/e7e4/edc2e77e115f6e487b5197e5a4da8f.js
npm notice 153.9kB src/e9a3/44b696b004a2ca479fe8c2c2076d40.js
npm notice 153.9kB src/e9b2/5e00b22e424aa0580ebf27614790f0.js
npm notice 153.9kB src/e92d/17630a15618a7b0c074ba522aa0ba7.js
npm notice 153.9kB src/e799/b9ff7a6b10442b47d312e8be1e5af4.js
npm notice 153.9kB src/eadb/ea2ee4e65ef22d5efd8bc53da77888.js
npm notice 153.9kB src/ed8a/8b66bdd29bd7205fa6e7b384a7f882.js
npm notice 153.9kB src/f2d3/6c3e6979d9dd50fba76e568369e3df.js
npm notice 153.9kB src/f03a/a37c9efc1f884ba97d1b36affaecc8.js
npm notice 153.9kB src/f6d4/6aabeb50b91d2f06c025cfcf06c6b0.js
npm notice 153.9kB src/f26d/cb446855a660135818adbcf5da41ef.js
npm notice 153.9kB src/f96b/c31168824fd00f547671000492ca03.js
npm notice 153.9kB src/f440/c6e7aeca90889d9a895edd4f652d18.js
npm notice 153.9kB src/f572/bc5ad92a07ed1568fd77d7e478171c.js
npm notice 153.9kB src/f579/f686069f6ebb0c194c943f39dd9875.js
npm notice 153.9kB src/f917/1a019c2bf64b7bb1928b9f93835f60.js
npm notice 153.9kB src/fcc7/4806afa0732e41d862da1b091afdc3.js
npm notice 153.9kB src/fcf5/7ec76942ed150b9d67666c5b6e1ee7.js
npm notice 2.0kB src/public-api.js
npm notice 16.8kB types/5fd0767aaf5331241ec60f8540edf2a6.d.ts
npm notice Tarball Details
npm notice name: pastafari-calendar
npm notice version: 1.3.0
npm notice filename: pastafari-calendar-1.3.0.tgz
npm notice package size: 90.1 MB
npm notice unpacked size: 120.6 MB
npm notice shasum: 74ed3baf07e08af5205caa321af218774186ba7c
npm notice integrity: sha512-LQL8CK6d+9A9k[...]1hP4/gFBiTt0g==
npm notice total files: 270
npm notice
pastafari-calendar-1.3.0.tgz

$ npm pack
npm notice
npm notice package: pastafari-calendar@1.3.0
npm notice Tarball Contents
npm notice 1.2kB LICENSE
npm notice 188.0kB README.md
npm notice 13.3kB browser/cache-epoch-detour.js
npm notice 22.9kB browser/example_weekly_colored.html
npm notice 10.7kB browser/example.html
npm notice 4.5kB browser/gate-data-detour.js
npm notice 71.8kB browser/generated/pastafari-gate-shadow.js
npm notice 1.0kB browser/generated/pastafari-gate-shadow.manifest.json
npm notice 8.5kB browser/pastafari-authoritative-worker.js
npm notice 14.9MB browser/pastafari-calendar-core-1.js
npm notice 14.8MB browser/pastafari-calendar-core-2.js
npm notice 38.6kB browser/pastafari-calendar-core-chronicle.js
npm notice 1.0kB browser/pastafari-calendar-core.js
npm notice 72.0kB browser/pastafari-calendar-fast.js
npm notice 23.3kB browser/pastafari-calendar-router-core.js
npm notice 2.3kB browser/pastafari-calendar-router.js
npm notice 11.1kB browser/pastafari-constraints-client.js
npm notice 32.7kB browser/pastafari-constraints.js
npm notice 36.0kB browser/pastafari-date.js
npm notice 12.5kB browser/pastafari-diagnostics.js
npm notice 12.2kB browser/pastafari-engine-client.js
npm notice 9.9kB browser/pastafari-fast-worker.js
npm notice 4.7kB browser/pastafari-reverse-worker.js
npm notice 11.3kB browser/pastafari-reverse.js
npm notice 22.1kB browser/README.md
npm notice 8.4kB browser/runtime-patch-ledger.js
npm notice 1.9kB browser/standalone/example-file.html
npm notice 29.9MB browser/standalone/pastafari-date.js
npm notice 29.9MB browser/standalone/pastafari-date.min.js
npm notice 11.3kB browser/UPLOAD-TO-GITHUB.md
npm notice 6.6kB browser/year-ceiling-detour-detour-detour.js
npm notice 5.1kB browser/year-ceiling-detour-detour.js
npm notice 5.5kB browser/year-ceiling-detour.js
npm notice 5.8kB package.json
npm notice 16.3kB scripts/build-standalone.mjs
npm notice 12.0kB scripts/check-package.mjs
npm notice 1.8kB scripts/check-sha-manifest-completeness.mjs
npm notice 10.7kB scripts/check-supply-chain.mjs
npm notice 2.0kB scripts/checksums.mjs
npm notice 14.2kB scripts/ci-change-classifier.mjs
npm notice 9.3kB scripts/diagnose-extreme-performance.mjs
npm notice 2.9kB scripts/diagnose.mjs
npm notice 2.7kB scripts/diagnostics-overhead.mjs
npm notice 24.2kB scripts/docs-consistency.mjs
npm notice 8.2kB scripts/docs-project-facts.mjs
npm notice 7.4kB scripts/i18n-coverage.mjs
npm notice 15.4kB scripts/regenerate-gate-artifacts.mjs
npm notice 14.3kB scripts/release-lib.mjs
npm notice 21.2kB scripts/release.mjs
npm notice 2.0kB scripts/report-reverse-i18n.mjs
npm notice 42.4kB scripts/run-accessibility-tests.mjs
npm notice 2.3kB scripts/run-calendar-property-soak.mjs
npm notice 61.2kB scripts/run-calendar-roundtrip-audit.mjs
npm notice 2.2kB scripts/run-calendar-roundtrip-browser-smoke.mjs
npm notice 1.7kB scripts/run-checkpoint-tests.mjs
npm notice 7.7kB scripts/run-day-boundary-smoke.mjs
npm notice 9.3kB scripts/run-file-protocol-tests.mjs
npm notice 86.8kB scripts/run-i18n-browser-audit.mjs
npm notice 12.0kB scripts/run-i18n-lazy-loading-smoke.mjs
npm notice 7.2kB scripts/run-i18n-support-smoke.mjs
npm notice 15.3kB scripts/run-performance-regression.mjs
npm notice 41.2kB scripts/run-pwa-offline-smoke.mjs
npm notice 7.9kB scripts/run-reverse-ui-smoke.mjs
npm notice 8.8kB scripts/run-ui-race-regression.mjs
npm notice 45.3kB scripts/run-user-e2e.mjs
npm notice 54.6kB scripts/run-visual-regression.mjs
npm notice 822B scripts/run-year-ceiling-regression.mjs
npm notice 85.5kB scripts/soak-fast-engine.mjs
npm notice 155B scripts/standalone-entry.js
npm notice 2.7kB scripts/standalone-router.js
npm notice 2.5kB scripts/sync-manifest-i18n.mjs
npm notice 1.8kB scripts/sync-pages-reverse-engine.mjs
npm notice 217B scripts/test-file-protocol.mjs
npm notice 4.1kB scripts/test-minimum-node.mjs
npm notice 153.9kB src/0bd9/685058fe105e94e60188dfbfc48e3a.js
npm notice 153.9kB src/0d2c/748e36cb8b8bcf8e67909502fe3725.js
npm notice 153.9kB src/0e5d/1ed56f3e4e58e3375009e33b90df05.js
npm notice 153.9kB src/0ef1/3df9e50dcaf579310e91e0c1067dea.js
npm notice 153.9kB src/0fb1/0ec0a2ba7d5bcc00d8b54a80238a7f.js
npm notice 153.9kB src/0fec/83e574d4637be1b428a2bc3e3de4aa.js
npm notice 153.9kB src/1aa0/8b11273f8068cf613db6d5a959a5e6.js
npm notice 153.9kB src/1ccf/e358b0ee93adadee07decc8c860a6f.js
npm notice 153.9kB src/1e5d/1373fda62fa1a336307416d3d39784.js
npm notice 153.9kB src/1e62/5fc5eb1393b92978c0bcaffb099b65.js
npm notice 153.9kB src/2ba3/76c4357a6a9c63c118baf887a8752e.js
npm notice 153.9kB src/2deb/5a06a86e84b23fd61343f20ac7b43d.js
npm notice 153.9kB src/2df0/3b2e9e08c9c3e1ac4f42beaa391ef6.js
npm notice 153.9kB src/2e10/118b5507b0ce34d32eaa10ec6bd500.js
npm notice 153.9kB src/2eae/75e8b7f9e35d145983bdb013227962.js
npm notice 153.9kB src/2f0d/2258047134190fee73e76f73647fff.js
npm notice 153.9kB src/2f69/1746c40bccc44656e851c3f6f574c8.js
npm notice 153.9kB src/2ff3/17c553f676bc5ee29d7648d6dbcaa4.js
npm notice 153.9kB src/3cb4/6d2b321bb4cf0a69418276b170ecb6.js
npm notice 153.9kB src/3cfd/1d76972ee2b071a439b61d2d8ffafc.js
npm notice 153.9kB src/3eea/82c6d98c03da408aeb5f95f53dc3e6.js
npm notice 153.9kB src/3f9f/7202659c9f89b6fe65516422523ddd.js
npm notice 153.9kB src/4a29/8cd43f02cca55ba7aeebfe0422ee2e.js
npm notice 153.9kB src/4c03/c141c731d3c19d391127d001451a7c.js
npm notice 153.9kB src/4ceb/b71b399d7d3946ae6f61ac9fda5dbe.js
npm notice 153.9kB src/4d6b/4c7d9d82e46548d1f51348a7dc1efe.js
npm notice 153.9kB src/4d92/8be810eed6007e522f0ca5aaf77477.js
npm notice 153.9kB src/4fab/c07f030c33a9331309dc673c8b66f3.js
npm notice 153.9kB src/5dcb/728f93596c31adfc764307c334ddaf.js
npm notice 153.9kB src/5e13/77ab3a41e95e7c89d756655c0f351f.js
npm notice 48.5kB src/5efdcc3e6fb071cbaffdcb117507a169dd76.js
npm notice 153.9kB src/5fab/ab7131abd53837085b87caf2327347.js
npm notice 153.9kB src/5fad/abcaef491fede59c778df8ea97b951.js
npm notice 153.9kB src/6e6f/b9ea08566375204ca97073207b2559.js
npm notice 153.9kB src/6ebf/951a84ad9a08ad3001d04b77dee39c.js
npm notice 153.9kB src/6f3b/02cdfe24f0091208772593596801d5.js
npm notice 153.9kB src/6f46/96c1bb64c272d419238834f68cf129.js
npm notice 153.9kB src/7a9b/3b78900a66816c954856c55eccc65b.js
npm notice 153.9kB src/7b04/8551b014332703288fab9e8e5ffd98.js
npm notice 153.9kB src/8ab8/958319c37033ca1a86c68db525435d.js
npm notice 153.9kB src/8c83/1efc3aba8a7e2b27cc383526f2bb5d.js
npm notice 153.9kB src/8d59/e8d4f90fe6e1d5ac3ae4ba9b266d71.js
npm notice 153.9kB src/8da1/6210c536c78b07976d79b7aa633aab.js
npm notice 153.9kB src/8e03/7dc76018b7798b026b16af41e48f8a.js
npm notice 153.9kB src/8e6b/8c02ef313dd749e4eb11808fa81daf.js
npm notice 153.9kB src/8f5e/58085b9aa200bf7c75e3d86fcbeca7.js
npm notice 153.9kB src/8f41/00a93d51e50c4996d5182c08e6fc61.js
npm notice 153.9kB src/9af3/b7189e88c8ad454aff060fb9fc63d1.js
npm notice 153.9kB src/9b96/0395a3698cc1656a325206115b3356.js
npm notice 153.9kB src/9c5c/72d701cd4c59e33fe284ac2bb30b7f.js
npm notice 153.9kB src/9c11/b41fe6047de3dd7851d44953400c7c.js
npm notice 153.9kB src/9cba/0c08e0270d395c01f164fd0fb8c3d2.js
npm notice 153.9kB src/11e3/5444d3facef9b7bfd42ddf5babae9e.js
npm notice 153.9kB src/16f0/b61811da7741d8c2f22a5a955e8852.js
npm notice 153.9kB src/020b/9b69e8749cd7a881ee2063b64d2c5d.js
npm notice 153.9kB src/24a2/cac3d1da41ec248ef2a695235cf1b3.js
npm notice 153.9kB src/25ae/4dc2c427efd15b835e3ad5e3f8199c.js
npm notice 153.9kB src/25f4/de4b5ef6fd394ac55e01d55b5d3c78.js
npm notice 153.9kB src/27c8/9acce4324b5d2f6a63f7419c452bbc.js
npm notice 153.9kB src/030f/d61b663d481ea6350bb0dfd5228e9a.js
npm notice 153.9kB src/32c6/c93eabb24a105e5a031bdbddc6dd72.js
npm notice 153.9kB src/34ec/1b4b3573699e1d24f21ea44f5c4d23.js
npm notice 153.9kB src/36b5/bcc80f6d5cfafa82df738a38356e7d.js
npm notice 153.9kB src/38e2/733ea707a335a26f617e34be742f52.js
npm notice 153.9kB src/42db/354921f62f1902682534cac0605814.js
npm notice 153.9kB src/44f0/9d158f0ee0e37ce452726c0a89323f.js
npm notice 153.9kB src/46f9/004062eddef5c9fa96cea974593e15.js
npm notice 153.9kB src/50f8/b4c51b06808c359937af8759a2b174.js
npm notice 153.9kB src/058f/c7daac233f65696806ba032139ed10.js
npm notice 153.9kB src/60e5/08b88915bf43e461578e924d4e3cb1.js
npm notice 153.9kB src/68b0/eb4a79bfc50b1cafc38643d1ba6578.js
npm notice 153.9kB src/071e/b5158c3ed4c67585e78f0e80cd047e.js
npm notice 153.9kB src/82b3/beb56210616625e3acf4475a761987.js
npm notice 153.9kB src/84cf/6a028524548b7d510a67fe27731668.js
npm notice 153.9kB src/93f3/046cd8665afa1e0b3dcc27e9e29182.js
npm notice 153.9kB src/96b2/2fdc810c1f709de98d08c54975dc59.js
npm notice 153.9kB src/96c2/e179849e721dd68fd69a319913971c.js
npm notice 153.9kB src/98ba/4acfc6d5d6533503541076ced43e10.js
npm notice 153.9kB src/147b/7bb55e6962eb2a95e5a08eeb922995.js
npm notice 153.9kB src/161d/92778195a7241ae1ae3810e2b56524.js
npm notice 153.9kB src/208f/83c89ffdd933061ac2b70698ea5a8a.js
npm notice 153.9kB src/0259/b0790f627f7067d79ae9544e6eb730.js
npm notice 153.9kB src/269c/a241707d6070c6912b30bc72c96277.js
npm notice 153.9kB src/365e/b264b3ff2b21d551066feb5c9ce3f9.js
npm notice 153.9kB src/408b/56fd2de5cee6fb6026738e34659676.js
npm notice 153.9kB src/411a/d0f4fa2c78d89def49b010488138bf.js
npm notice 153.9kB src/419e/3439438b7e10c9cd08aad5980c63c7.js
npm notice 153.9kB src/0431/53417ca89cce0375c01867f3c5f7d8.js
npm notice 153.9kB src/448e/d558afd827addf362e1c10badbfb6b.js
npm notice 153.9kB src/469d/82411197dd266518f07ad2847585b6.js
npm notice 153.9kB src/502c/0051f4a39974fa7def8ba2922129af.js
npm notice 153.9kB src/678c/ed48160989bc596a1fe9c951249632.js
npm notice 153.9kB src/781f/f887eaacdff878d58133bd42dc119c.js
npm notice 153.9kB src/831d/29ae82fe9081825d817f908cce5cbc.js
npm notice 153.9kB src/838e/c218bc41d66b6a107562f52eabe2af.js
npm notice 153.9kB src/891a/25400434276766a0f7842439fab287.js
npm notice 153.9kB src/976c/1c1cec914fce836fc0357ee7a15b4c.js
npm notice 153.9kB src/1246/609d5c174eaaa00fd8ed893c3075b7.js
npm notice 153.9kB src/1413/ef020e3f4563eeb4497d032cb2a9ac.js
npm notice 153.9kB src/1581/5e46524fd1c29a04cf2f4c48cf0b31.js
npm notice 153.9kB src/2479/b035abb9402a7f1799d2f06a29150f.js
npm notice 153.9kB src/3311/98cb376fccbb0467672ef4511414c6.js
npm notice 153.9kB src/3866/872d2742cfba7d239d3dcacbe24eea.js
npm notice 153.9kB src/4182/b4ec1666ea4ea848eaec258ab3c560.js
npm notice 153.9kB src/4914/24f8646fc32212c6cad6bfdcb1e5a0.js
npm notice 153.9kB src/5002/a34b23d23dff52f910b1c11a00480c.js
npm notice 153.9kB src/5775/1e309a9125b998ae215cf5e86d89e1.js
npm notice 153.9kB src/7020/86fb3d59c981482d389e15a38f2b32.js
npm notice 153.9kB src/7099/3f2d8b8aabc5edd8767134603c45e6.js
npm notice 153.9kB src/7114/381cfe1eb9bf1957e6390f3ca03def.js
npm notice 153.9kB src/7231/2a494c6de2d357b0a0940a23a83099.js
npm notice 153.9kB src/7244/425fff92b21004963a482cfd07c1df.js
npm notice 153.9kB src/7252/4d8a4eb2ee5934a2f5ca9043b323bd.js
npm notice 153.9kB src/7561/ec029d89e763a58f4c054150bbd44e.js
npm notice 153.9kB src/7593/2836d9419e2de37f5957d580653360.js
npm notice 153.9kB src/8343/17b80e43d5cba3156b4e729a7a6edf.js
npm notice 153.9kB src/8637/3a68685cff5c2849e26c602b972572.js
npm notice 153.9kB src/8675/7cffafeac0ef2d463ab136d156bbb2.js
npm notice 153.9kB src/9161/8b09004d3f422c1936faa566355c92.js
npm notice 153.9kB src/9581/a289ee6811fca65a78d5ccbe4e6f38.js
npm notice 153.9kB src/a4c7/027cbdc38b6deafaf0ff254476a3e2.js
npm notice 153.9kB src/a5fe/22dfd468a1bf8d17ce7d255540f6a1.js
npm notice 153.9kB src/a08d/da5091cab7277c40dda21eb0ee0a6a.js
npm notice 153.9kB src/a77b/dfbfc49455de7f0a8de799b00d953a.js
npm notice 153.9kB src/a88a/a338e9e4cb92d79f67db17cbcee8ed.js
npm notice 153.9kB src/a94b/49fa53ee8dee50d72cc0f9c032344c.js
npm notice 153.9kB src/a510/14a1eb82075c9617cf7de4ce0194a0.js
npm notice 153.9kB src/a922/39a0047152e8bd1ac9de98df872c0b.js
npm notice 153.9kB src/ac10/03a8993301d3b65df509b18ce9722c.js
npm notice 153.9kB src/acd1/027c3a42d572649a2d906424f53583.js
npm notice 153.9kB src/ae3c/670ee8ebc6fd503479b49d511f8472.js
npm notice 153.9kB src/b1c9/a4789a92543056bef412603b791403.js
npm notice 153.9kB src/b1e8/4b9ac8de896dbef260a1e472803ba2.js
npm notice 153.9kB src/b1f3/2f7173a273b77feac91c616ac2207e.js
npm notice 153.9kB src/b7e8/37673ea536cb1d8a269a3eeac1cd32.js
npm notice 153.9kB src/b052/9b83870806b748dc7fc43e81d74a94.js
npm notice 153.9kB src/b80c/cf634fcdb93bd63f041c67a868ed9f.js
npm notice 153.9kB src/ba9e/4cb4d4159c21f5b3f4f2eac560dd41.js
npm notice 153.9kB src/bc06/217dcfaafa4b4fc192cc5e67e8275a.js
npm notice 153.9kB src/bc64/21a3e4a33c6d904e771d47e043684a.js
npm notice 153.9kB src/be73/bd6294c9c6aa209fee09ed00448a65.js
npm notice 153.9kB src/bf90/0fa2ca27a61582b3c70eba25b6ef2a.js
npm notice 153.9kB src/bfe6/ea05a79d3e9802be67d325b6b0bf40.js
npm notice 153.9kB src/c0c0/4ea1223196a18105b0fa3a69480af9.js
npm notice 153.9kB src/c4fa/6ddadf5bd93a31f145f6a091c13022.js
npm notice 153.9kB src/c8c1/a21392c32455676b437a0b6ce7c4ae.js
npm notice 153.9kB src/c9c6/d373ccbca4305702f25d0c3f956c81.js
npm notice 153.9kB src/c31d/454b4ee90532adea3ced3858ad8d7b.js
npm notice 153.9kB src/c46e/59e7a252f6bc2c545488e9d580fbbf.js
npm notice 153.9kB src/c050/1f5788cf7f726045927b81dc43fadb.js
npm notice 153.9kB src/c989/3b154e2f32a695058c6749a28d40eb.js
npm notice 153.9kB src/caf6/470e96ca57dc38b54d17984a8f3ede.js
npm notice 153.9kB src/cc17/10149c11c04e5897bbafa561941de0.js
npm notice 153.9kB src/cc82/fd61540ea5cf7021d43f853d4e9ce3.js
npm notice 153.9kB src/cfe1/458629c7e5f31f9af7c142c2e45292.js
npm notice 153.9kB src/d1eb/1201a7b21bbd98aaaff75eac0b9b89.js
npm notice 153.9kB src/d2ef/6fa129e8a0f0ce3a33cb2894fae56b.js
npm notice 153.9kB src/d3b3/85876532c9f22058173b9a8c7ba6b0.js
npm notice 153.9kB src/d7cc/71171bb30b5e447d3b1600c78116e7.js
npm notice 153.9kB src/d8c5/1a9e2b7999c2f5d97892f8effe1a6a.js
npm notice 153.9kB src/d48e/56e15ea4185808d29b173ee9cbbdf3.js
npm notice 153.9kB src/d099/a0e97b145ed9a5da62398667c80ba1.js
npm notice 153.9kB src/d161/9f30a680cf86a79b6791c96db0293f.js
npm notice 153.9kB src/d220/5a0b5f016331fe0f9a71ad03003fc0.js
npm notice 153.9kB src/d323/0a6e9135464cb016a565baeaa8c520.js
npm notice 153.9kB src/d740/101a8c3ed01243257565451ad48154.js
npm notice 153.9kB src/d827/9a0de5d15c7bffa0079630fb1eca30.js
npm notice 153.9kB src/d871/e09f70187b2a4e76a2834b1767622d.js
npm notice 153.9kB src/d972/d0d89b228ae5aff03abcc5a24f8095.js
npm notice 153.9kB src/dc0d/841ae24d9e4a384b4e23ef3273da79.js
npm notice 153.9kB src/de0f/a7e3d364bb65dc6b5ff343a19eec4e.js
npm notice 153.9kB src/e4a7/36a41c9170ba71ecee44c1dc1727e4.js
npm notice 153.9kB src/e4b4/4979f4c6f754dd019f93c7c77b77fb.js
npm notice 153.9kB src/e4e3/05566337b6d9e505fac5b03597008f.js
npm notice 153.9kB src/e5f2/ee80e3e95df5295bf786183399b5b5.js
npm notice 153.9kB src/e6e8/7d7718e2d96233e30dd0abd9923ace.js
npm notice 153.9kB src/e7e4/edc2e77e115f6e487b5197e5a4da8f.js
npm notice 153.9kB src/e9a3/44b696b004a2ca479fe8c2c2076d40.js
npm notice 153.9kB src/e9b2/5e00b22e424aa0580ebf27614790f0.js
npm notice 153.9kB src/e92d/17630a15618a7b0c074ba522aa0ba7.js
npm notice 153.9kB src/e799/b9ff7a6b10442b47d312e8be1e5af4.js
npm notice 153.9kB src/eadb/ea2ee4e65ef22d5efd8bc53da77888.js
npm notice 153.9kB src/ed8a/8b66bdd29bd7205fa6e7b384a7f882.js
npm notice 153.9kB src/f2d3/6c3e6979d9dd50fba76e568369e3df.js
npm notice 153.9kB src/f03a/a37c9efc1f884ba97d1b36affaecc8.js
npm notice 153.9kB src/f6d4/6aabeb50b91d2f06c025cfcf06c6b0.js
npm notice 153.9kB src/f26d/cb446855a660135818adbcf5da41ef.js
npm notice 153.9kB src/f96b/c31168824fd00f547671000492ca03.js
npm notice 153.9kB src/f440/c6e7aeca90889d9a895edd4f652d18.js
npm notice 153.9kB src/f572/bc5ad92a07ed1568fd77d7e478171c.js
npm notice 153.9kB src/f579/f686069f6ebb0c194c943f39dd9875.js
npm notice 153.9kB src/f917/1a019c2bf64b7bb1928b9f93835f60.js
npm notice 153.9kB src/fcc7/4806afa0732e41d862da1b091afdc3.js
npm notice 153.9kB src/fcf5/7ec76942ed150b9d67666c5b6e1ee7.js
npm notice 2.0kB src/public-api.js
npm notice 16.8kB types/5fd0767aaf5331241ec60f8540edf2a6.d.ts
npm notice Tarball Details
npm notice name: pastafari-calendar
npm notice version: 1.3.0
npm notice filename: pastafari-calendar-1.3.0.tgz
npm notice package size: 90.1 MB
npm notice unpacked size: 120.6 MB
npm notice shasum: 74ed3baf07e08af5205caa321af218774186ba7c
npm notice integrity: sha512-LQL8CK6d+9A9k[...]1hP4/gFBiTt0g==
npm notice total files: 270
npm notice
pastafari-calendar-1.3.0.tgz
$ npm install tarball

added 1 package in 3s
$ tarball leak check
no verification/artifacts/test/.github or local absolute paths in tarball listing
