artifacts/update-08-stage-07-cross-environment.json: OK
artifacts/update-08-stage-07-report.md: OK
artifacts/update-08-stage-07-node-public.tap: OK
artifacts/update-08-stage-07-node-public.json: OK
artifacts/update-08-stage-07-browser-core.tap: OK
artifacts/update-08-stage-07-browser-core.json: OK
artifacts/update-08-stage-07-worker.tap: OK
artifacts/update-08-stage-07-standalone.tap: OK
artifacts/update-08-stage-07-standalone-router-race.json: OK
artifacts/update-08-stage-07-fast-compatibility-original.tap: OK
artifacts/update-08-stage-07-fast-compatibility-original.stderr: OK
artifacts/update-08-stage-07-fast-compatibility.json: OK
artifacts/update-08-stage-07-fast-compatibility.tap: OK
artifacts/update-08-stage-07-fast-compatibility-meta.json: OK
artifacts/update-08-stage-07-fast-history.tap: OK
artifacts/update-08-stage-07-fast-history.json: OK
artifacts/update-08-stage-07-router-cache.tap: OK
artifacts/update-08-stage-07-package.log: OK
artifacts/update-08-stage-07-package-summary.json: OK
artifacts/update-08-stage-07-package-consumer.json: OK
artifacts/update-08-stage-07-package-integrity.json: OK
artifacts/update-08-stage-07-export-parity.json: OK
artifacts/update-08-stage-07-build.log: OK
artifacts/update-08-stage-07-build-status.json: OK
artifacts/update-08-stage-07-build-input-hashes.txt: OK
artifacts/update-08-stage-07-standalone-build-test.tap: OK
artifacts/update-08-stage-07-production-hashes-after.txt: OK
artifacts/update-08-stage-07-infrastructure.json: OK
verification/update8/stage-07-cross-environment-vectors.json: OK
verification/update8/run-stage-07-node-public.mjs: OK
verification/update8/run-stage-07-compatibility.mjs: OK
verification/update8/run-stage-07-fast-history.mjs: OK
verification/update8/run-stage-07-browser-core.mjs: OK
verification/update8/run-stage-07-standalone-router-race.mjs: OK
artifacts/update-08-stage-07-delta-files.txt: OK
