$ npm run build:standalone

> pastafari-calendar@1.3.0 build:standalone
> node scripts/build-standalone.mjs

node:internal/modules/package_json_reader:256
  throw new ERR_MODULE_NOT_FOUND(packageName, fileURLToPath(base), null);
        ^

Error [ERR_MODULE_NOT_FOUND]: Cannot find package 'esbuild' imported from /mnt/data/stage7_repo/pastafari-calendar-main/scripts/build-standalone.mjs
    at Object.getPackageJSONURL (node:internal/modules/package_json_reader:256:9)
    at packageResolve (node:internal/modules/esm/resolve:768:81)
    at moduleResolve (node:internal/modules/esm/resolve:854:18)
    at defaultResolve (node:internal/modules/esm/resolve:984:11)
    at ModuleLoader.defaultResolve (node:internal/modules/esm/loader:780:12)
    at #cachedDefaultResolve (node:internal/modules/esm/loader:704:25)
    at ModuleLoader.resolve (node:internal/modules/esm/loader:687:38)
    at ModuleLoader.getModuleJobForImport (node:internal/modules/esm/loader:305:38)
    at ModuleJob._link (node:internal/modules/esm/module_job:137:49) {
  code: 'ERR_MODULE_NOT_FOUND'
}

Node.js v22.16.0
exit=1

$ npm ci --offline
npm error code ENOTCACHED
npm error request to https://registry.npmjs.org/playwright-core/-/playwright-core-1.62.1.tgz failed: cache mode is 'only-if-cached' but no cached response is available.
npm error A complete log of this run can be found in: /home/oai/.npm/_logs/2026-08-22T22_30_04_099Z-debug-0.log
exit=1
